[    4078ms] [INFO] Connecting to 'wss://p47r3qkl5raepa5flsczs7khqq.appsync-realtime-api.eu-west-1.amazonaws.com/graphql?header=eyJob3N0IjoicDQ3cjNxa2w1cmFlcGE1ZmxzY3pzN2tocXEuYXBwc3luYy1hcGkuZXUtd2VzdC0xLmFtYXpvbmF3cy5jb20iLCJ4LWFwaS1rZXkiOiJkYTItYWFhbXp1NnRxbmV5M2tobHh1MjZvenJiMnEiLCJ4LWFtei1kYXRlIjoiMjAyNjA3MTZUMTAxODI1MjIxWiJ9&payload=e30=' violates the following Content Security Policy directive: "default-src 'self' blob: https: data: mediastream: 'unsafe-eval' 'unsafe-inline'". Note that 'connect-src' was not explicitly set, so 'default-src' is used as a fallback. The policy is report-only, so the violation has been logged but no further action has been taken. @ https://m.media-amazon.com/images/S/sash/mGjgJyscE2LfdFg.js?name=vendors:38
[    5081ms] [LOG] Amazon IVS Player SDK 1.19.0 @ https://player.live-video.net/1.19.0/amazon-ivs-wasmworker.min.js:1
[   38960ms] [ERROR] Failed to load resource: the server responded with a status of 504 () @ https://aax-eu.amazon-adsystem.com/s/iu3?d=amazon.in&slot=navFooter&a2=010131f883e658c864c275c99fae79b9b7f2dd7331c2569b66a0523b67636be2cee1&old_oo=0&ts=1784197102312&s=Aewm2vDt83trmFdoBTBnPv9r0ikPVueuhqgdh4glS4YC&gdpr_consent=&gdpr_consent_avl=&cb=1784197102312:0
[   38971ms] [ERROR] Blocked script execution in 'https://aax-eu.amazon-adsystem.com/s/iu3?d=amazon.in&slot=navFooter&a2=010131f883e658c864c275c99fae79b9b7f2dd7331c2569b66a0523b67636be2cee1&old_oo=0&ts=1784197102312&s=Aewm2vDt83trmFdoBTBnPv9r0ikPVueuhqgdh4glS4YC&gdpr_consent=&gdpr_consent_avl=&cb=1784197102312' because the document's frame is sandboxed and the 'allow-scripts' permission is not set. @ https://aax-eu.amazon-adsystem.com/s/iu3?d=amazon.in&slot=navFooter&a2=010131f883e658c864c275c99fae79b9b7f2dd7331c2569b66a0523b67636be2cee1&old_oo=0&ts=1784197102312&s=Aewm2vDt83trmFdoBTBnPv9r0ikPVueuhqgdh4glS4YC&gdpr_consent=&gdpr_consent_avl=&cb=1784197102312:18
[   38971ms] [ERROR] Blocked script execution in 'https://aax-eu.amazon-adsystem.com/s/iu3?d=amazon.in&slot=navFooter&a2=010131f883e658c864c275c99fae79b9b7f2dd7331c2569b66a0523b67636be2cee1&old_oo=0&ts=1784197102312&s=Aewm2vDt83trmFdoBTBnPv9r0ikPVueuhqgdh4glS4YC&gdpr_consent=&gdpr_consent_avl=&cb=1784197102312' because the document's frame is sandboxed and the 'allow-scripts' permission is not set. @ https://aax-eu.amazon-adsystem.com/s/iu3?d=amazon.in&slot=navFooter&a2=010131f883e658c864c275c99fae79b9b7f2dd7331c2569b66a0523b67636be2cee1&old_oo=0&ts=1784197102312&s=Aewm2vDt83trmFdoBTBnPv9r0ikPVueuhqgdh4glS4YC&gdpr_consent=&gdpr_consent_avl=&cb=1784197102312:18
[   50595ms] [ERROR] Failed to load resource: the server responded with a status of 400 () @ https://www.amazon.in/ax/claim/webauthn/start?openid.assoc_handle=inflex:0
[   50619ms] [ERROR] Unable to publish metrics Error: Expected field name to contain only valid characters, but it was WebAuthnChallengeFetch:Failure with status code:400.  It can only contain letters, numbers, and these symbols: .:@_/-
    at c.default (https://m.media-amazon.com/images/I/717VVlYa9LL._RC%7C81kCF8wuZEL.js,410X6e4fxpL.js_.js?AUIClients/IdentityBaseAssets:142:398)
    at b.value (https://m.media-amazon.com/images/I/717VVlYa9LL._RC%7C81kCF8wuZEL.js,410X6e4fxpL.js_.js?AUIClients/IdentityBaseAssets:162:216)
    at b.value (https://m.media-amazon.com/images/I/717VVlYa9LL._RC%7C81kCF8wuZEL.js,410X6e4fxpL.js_.js?AUIClients/IdentityBaseAssets:167:386)
    at https://m.media-amazon.com/images/I/717VVlYa9LL._RC%7C81kCF8wuZEL.js,410X6e4fxpL.js_.js?AUIClients/IdentityBaseAssets:135:303
    at a.value (https://m.media-amazon.com/images/I/717VVlYa9LL._RC%7C81kCF8wuZEL.js,410X6e4fxpL.js_.js?AUIClients/IdentityBaseAssets:134:161)
    at a.value (https://m.media-amazon.com/images/I/717VVlYa9LL._RC%7C81kCF8wuZEL.js,410X6e4fxpL.js_.js?AUIClients/IdentityBaseAssets:135:50)
    at a.value (https://m.media-amazon.com/images/I/717VVlYa9LL._RC%7C81kCF8wuZEL.js,410X6e4fxpL.js_.js?AUIClients/IdentityBaseAssets:138:169)
    at a.value (https://m.media-amazon.com/images/I/717VVlYa9LL._RC%7C81kCF8wuZEL.js,410X6e4fxpL.js_.js?AUIClients/IdentityBaseAssets:19:245)
    at error (https://m.media-amazon.com/images/I/717VVlYa9LL._RC%7C81kCF8wuZEL.js,410X6e4fxpL.js_.js?AUIClients/IdentityBaseAssets:1181:379)
    at https://www.amazon.in/:105:69 @ https://m.media-amazon.com/images/I/717VVlYa9LL._RC%7C81kCF8wuZEL.js,410X6e4fxpL.js_.js?AUIClients/IdentityBaseAssets:15
[   50619ms] [ERROR] Unable to publish metrics Error: Expected field value in String metrics object 'WebAuthnChallengeFetch:Unknown:Failure:undefined' to be type string, but it was undefined
    at b.value (https://m.media-amazon.com/images/I/717VVlYa9LL._RC%7C81kCF8wuZEL.js,410X6e4fxpL.js_.js?AUIClients/IdentityBaseAssets:167:450)
    at https://m.media-amazon.com/images/I/717VVlYa9LL._RC%7C81kCF8wuZEL.js,410X6e4fxpL.js_.js?AUIClients/IdentityBaseAssets:135:303
    at a.value (https://m.media-amazon.com/images/I/717VVlYa9LL._RC%7C81kCF8wuZEL.js,410X6e4fxpL.js_.js?AUIClients/IdentityBaseAssets:134:161)
    at a.value (https://m.media-amazon.com/images/I/717VVlYa9LL._RC%7C81kCF8wuZEL.js,410X6e4fxpL.js_.js?AUIClients/IdentityBaseAssets:135:50)
    at a.value (https://m.media-amazon.com/images/I/717VVlYa9LL._RC%7C81kCF8wuZEL.js,410X6e4fxpL.js_.js?AUIClients/IdentityBaseAssets:138:169)
    at a.value (https://m.media-amazon.com/images/I/717VVlYa9LL._RC%7C81kCF8wuZEL.js,410X6e4fxpL.js_.js?AUIClients/IdentityBaseAssets:19:245)
    at error (https://m.media-amazon.com/images/I/717VVlYa9LL._RC%7C81kCF8wuZEL.js,410X6e4fxpL.js_.js?AUIClients/IdentityBaseAssets:1181:484)
    at https://www.amazon.in/:105:69
    at e.a-ajax-update.b.obj.failure (https://m.media-amazon.com/images/I/11I0WXrZVoL._RC%7C11Y+5x+kkTL.js,51DFoGfFeXL.js,115zbyk371L.js,11GgN1+C7hL.js,01+z+uIeJ-L.js,01VRMV3FBdL.js,21NadQlXUWL.js,01vRf9id2EL.js,31on-La90vL.js,11a7qqY8xXL.js,11PZSUl3FLL.js,51C4kaFbiAL.js,11FhdH2HZwL.js,11wb9K3sw0L.js,11BrgrMAHUL.js,11GPhx42StL.js,210X-JWUe-L.js,01Svfxfy8OL.js,61lbT4bHNWL.js,01ikBbTAneL.js,31xywoXPfpL.js,01qXJuwGmxL.js,01WlsjNmqIL.js,11F929pmpYL.js,31Zn4S+IOkL.js,01rpauTep4L.js,31rqCOnXDNL.js,011FfPwYqHL.js,21P5VvHf-XL.js,01-E15R8CKL.js,21kN0q4IA-L.js,01VvIkYCafL.js,11vb6P5C5AL.js,01Od3PfWdaL.js_.js?AUIClients/AmazonUI:75:186)
    at https://www.amazon.in/:101:98 @ https://m.media-amazon.com/images/I/717VVlYa9LL._RC%7C81kCF8wuZEL.js,410X6e4fxpL.js_.js?AUIClients/IdentityBaseAssets:15
[   51325ms] [VERBOSE] [DOM] Input elements should have autocomplete attributes (suggested: "current-password"): (More info: https://goo.gl/9p2vKq) %o @ https://www.amazon.in/ap/signin?openid.return_to=https%3A%2F%2Fwww.amazon.in%2F%3Fref_%3Dnav_signin&openid.identity=http%3A%2F%2Fspecs.openid.net%2Fauth%2F2.0%2Fidentifier_select&openid.assoc_handle=inflex&openid.mode=checkid_setup&openid.claimed_id=http%3A%2F%2Fspecs.openid.net%2Fauth%2F2.0%2Fidentifier_select&openid.ns=http%3A%2F%2Fspecs.openid.net%2Fauth%2F2.0:0
[   60375ms] [WARNING] AbortFromContinueButtonClick @ https://m.media-amazon.com/images/I/71l5Q-2mu8L.js?AUIClients/IdentityWebAuthnAssets:363
[   60375ms] [ERROR] Unable to publish metrics Error: Expected field name to be a string, but it was a undefined
    at c.default (https://m.media-amazon.com/images/I/71l5Q-2mu8L.js?AUIClients/IdentityWebAuthnAssets:142:83)
    at b.value (https://m.media-amazon.com/images/I/71l5Q-2mu8L.js?AUIClients/IdentityWebAuthnAssets:162:216)
    at b.value (https://m.media-amazon.com/images/I/71l5Q-2mu8L.js?AUIClients/IdentityWebAuthnAssets:167:386)
    at https://m.media-amazon.com/images/I/71l5Q-2mu8L.js?AUIClients/IdentityWebAuthnAssets:135:303
    at a.value (https://m.media-amazon.com/images/I/71l5Q-2mu8L.js?AUIClients/IdentityWebAuthnAssets:134:161)
    at a.value (https://m.media-amazon.com/images/I/71l5Q-2mu8L.js?AUIClients/IdentityWebAuthnAssets:135:50)
    at a.value (https://m.media-amazon.com/images/I/71l5Q-2mu8L.js?AUIClients/IdentityWebAuthnAssets:138:169)
    at a.value (https://m.media-amazon.com/images/I/71l5Q-2mu8L.js?AUIClients/IdentityWebAuthnAssets:19:245)
    at a.value (https://m.media-amazon.com/images/I/71l5Q-2mu8L.js?AUIClients/IdentityWebAuthnAssets:441:232)
    at a.value (https://m.media-amazon.com/images/I/71l5Q-2mu8L.js?AUIClients/IdentityWebAuthnAssets:439:461) @ https://m.media-amazon.com/images/I/71l5Q-2mu8L.js?AUIClients/IdentityWebAuthnAssets:15
[   60543ms] [WARNING] The resource https://redirect.prod.experiment.routing.cloudfront.aws.a2z.com/x.png?timestamp=1784197154284 was preloaded using link preload but not used within a few seconds from the window's load event. Please make sure it has an appropriate `as` value and it is preloaded intentionally. @ https://www.amazon.in/ap/signin?openid.return_to=https%3A%2F%2Fwww.amazon.in%2F%3Fref_%3Dnav_signin&openid.identity=http%3A%2F%2Fspecs.openid.net%2Fauth%2F2.0%2Fidentifier_select&openid.assoc_handle=inflex&openid.mode=checkid_setup&openid.claimed_id=http%3A%2F%2Fspecs.openid.net%2Fauth%2F2.0%2Fidentifier_select&openid.ns=http%3A%2F%2Fspecs.openid.net%2Fauth%2F2.0:0
[   73299ms] [INFO] Connecting to 'wss://p47r3qkl5raepa5flsczs7khqq.appsync-realtime-api.eu-west-1.amazonaws.com/graphql?header=eyJob3N0IjoicDQ3cjNxa2w1cmFlcGE1ZmxzY3pzN2tocXEuYXBwc3luYy1hcGkuZXUtd2VzdC0xLmFtYXpvbmF3cy5jb20iLCJ4LWFwaS1rZXkiOiJkYTItYWFhbXp1NnRxbmV5M2tobHh1MjZvenJiMnEiLCJ4LWFtei1kYXRlIjoiMjAyNjA3MTZUMTAxOTM0NDQ4WiJ9&payload=e30=' violates the following Content Security Policy directive: "default-src 'self' blob: https: data: mediastream: 'unsafe-eval' 'unsafe-inline'". Note that 'connect-src' was not explicitly set, so 'default-src' is used as a fallback. The policy is report-only, so the violation has been logged but no further action has been taken. @ https://m.media-amazon.com/images/S/sash/mGjgJyscE2LfdFg.js?name=vendors:38
[   73912ms] [LOG] Amazon IVS Player SDK 1.19.0 @ https://player.live-video.net/1.19.0/amazon-ivs-wasmworker.min.js:1
[  105786ms] [ERROR] Failed to load resource: the server responded with a status of 504 () @ https://aax-eu.amazon-adsystem.com/s/iu3?d=amazon.in&slot=navFooter&a1=Pa0vXANQH7HT-GR6W4It6zK1w&a2=010131f883e658c864c275c99fae79b9b7f2dd7331c2569b66a0523b67636be2cee1&old_oo=0&ts=1784197173000&s=AfN_1QRCipXQxQRcchEmzBMhP2J7mykdMYyyfXsSn5gV&gdpr_consent=&gdpr_consent_avl=&cb=1784197173000:0
[  105797ms] [ERROR] Blocked script execution in 'https://aax-eu.amazon-adsystem.com/s/iu3?d=amazon.in&slot=navFooter&a1=Pa0vXANQH7HT-GR6W4It6zK1w&a2=010131f883e658c864c275c99fae79b9b7f2dd7331c2569b66a0523b67636be2cee1&old_oo=0&ts=1784197173000&s=AfN_1QRCipXQxQRcchEmzBMhP2J7mykdMYyyfXsSn5gV&gdpr_consent=&gdpr_consent_avl=&cb=1784197173000' because the document's frame is sandboxed and the 'allow-scripts' permission is not set. @ https://aax-eu.amazon-adsystem.com/s/iu3?d=amazon.in&slot=navFooter&a1=Pa0vXANQH7HT-GR6W4It6zK1w&a2=010131f883e658c864c275c99fae79b9b7f2dd7331c2569b66a0523b67636be2cee1&old_oo=0&ts=1784197173000&s=AfN_1QRCipXQxQRcchEmzBMhP2J7mykdMYyyfXsSn5gV&gdpr_consent=&gdpr_consent_avl=&cb=1784197173000:18
[  105797ms] [ERROR] Blocked script execution in 'https://aax-eu.amazon-adsystem.com/s/iu3?d=amazon.in&slot=navFooter&a1=Pa0vXANQH7HT-GR6W4It6zK1w&a2=010131f883e658c864c275c99fae79b9b7f2dd7331c2569b66a0523b67636be2cee1&old_oo=0&ts=1784197173000&s=AfN_1QRCipXQxQRcchEmzBMhP2J7mykdMYyyfXsSn5gV&gdpr_consent=&gdpr_consent_avl=&cb=1784197173000' because the document's frame is sandboxed and the 'allow-scripts' permission is not set. @ https://aax-eu.amazon-adsystem.com/s/iu3?d=amazon.in&slot=navFooter&a1=Pa0vXANQH7HT-GR6W4It6zK1w&a2=010131f883e658c864c275c99fae79b9b7f2dd7331c2569b66a0523b67636be2cee1&old_oo=0&ts=1784197173000&s=AfN_1QRCipXQxQRcchEmzBMhP2J7mykdMYyyfXsSn5gV&gdpr_consent=&gdpr_consent_avl=&cb=1784197173000:18
